Archive member included to satisfy reference by file (symbol)

build/cooja/mtype176.a(simEnvChange.o)
                              build/cooja/mtype176.o (simDontFallAsleep)
build/cooja/mtype176.a(cooja_mt.o)
                              build/cooja/mtype176.o (cooja_mt_start)
build/cooja/mtype176.a(cooja_mtarch.o)
                              build/cooja/mtype176.a(cooja_mt.o) (cooja_mtarch_start)
build/cooja/mtype176.a(rtimer-arch.o)
                              build/cooja/mtype176.o (rtimer_arch_check)
build/cooja/mtype176.a(beep.o)
                              build/cooja/mtype176.o (beep_interface)
build/cooja/mtype176.a(leds-arch.o)
                              build/cooja/mtype176.o (leds_interface)
build/cooja/mtype176.a(moteid.o)
                              build/cooja/mtype176.o (moteid_interface)
build/cooja/mtype176.a(pir-sensor.o)
                              build/cooja/mtype176.o (pir_interface)
build/cooja/mtype176.a(rs232.o)
                              build/cooja/mtype176.o (rs232_interface)
build/cooja/mtype176.a(vib-sensor.o)
                              build/cooja/mtype176.o (vib_interface)
build/cooja/mtype176.a(clock.o)
                              build/cooja/mtype176.o (clock_interface)
build/cooja/mtype176.a(cooja-log.o)
                              build/cooja/mtype176.o (simlog_interface)
build/cooja/mtype176.a(cfs-cooja.o)
                              build/cooja/mtype176.o (cfs_interface)
build/cooja/mtype176.a(cooja-radio.o)
                              build/cooja/mtype176.o (radio_interface)
build/cooja/mtype176.a(eeprom.o)
                              build/cooja/mtype176.o (eeprom_interface)
build/cooja/mtype176.a(random.o)
                              build/cooja/mtype176.a(moteid.o) (random_init)
build/cooja/mtype176.a(sensors.o)
                              build/cooja/mtype176.a(pir-sensor.o) (sensors_changed)
build/cooja/mtype176.a(leds.o)
                              build/cooja/mtype176.a(leds-arch.o) (leds_get)
build/cooja/mtype176.a(gpio-hal-arch.o)
                              build/cooja/mtype176.a(leds-arch.o) (gpio_hal_arch_register_pin_callback)
build/cooja/mtype176.a(buttons.o)
                              build/cooja/mtype176.o (button_interface)
build/cooja/mtype176.a(contiki-main.o)
                              build/cooja/mtype176.o (main)
build/cooja/mtype176.a(autostart.o)
                              build/cooja/mtype176.a(contiki-main.o) (autostart_start)
build/cooja/mtype176.a(ctimer.o)
                              build/cooja/mtype176.a(contiki-main.o) (ctimer_init)
build/cooja/mtype176.a(log.o)
                              build/cooja/mtype176.a(contiki-main.o) (curr_log_level_main)
build/cooja/mtype176.a(energest.o)
                              build/cooja/mtype176.a(contiki-main.o) (energest_init)
build/cooja/mtype176.a(etimer.o)
                              build/cooja/mtype176.a(contiki-main.o) (etimer_process)
build/cooja/mtype176.a(node-id.o)
                              build/cooja/mtype176.a(contiki-main.o) (node_id)
build/cooja/mtype176.a(rtimer.o)
                              build/cooja/mtype176.a(contiki-main.o) (rtimer_init)
build/cooja/mtype176.a(process.o)
                              build/cooja/mtype176.a(ctimer.o) (process_current)
build/cooja/mtype176.a(timer.o)
                              build/cooja/mtype176.a(etimer.o) (timer_set)
build/cooja/mtype176.a(list.o)
                              build/cooja/mtype176.a(ctimer.o) (list_init)
build/cooja/mtype176.a(button-hal.o)
                              build/cooja/mtype176.o (button_hal_init)
build/cooja/mtype176.a(serial-line.o)
                              build/cooja/mtype176.a(rs232.o) (serial_line_input_byte)
build/cooja/mtype176.a(gpio-hal.o)
                              build/cooja/mtype176.a(button-hal.o) (gpio_hal_register_handler)
build/cooja/mtype176.a(queuebuf.o)
                              build/cooja/mtype176.a(contiki-main.o) (queuebuf_init)
build/cooja/mtype176.a(packetbuf.o)
                              build/cooja/mtype176.a(cooja-radio.o) (packetbuf_clear)
build/cooja/mtype176.a(netstack.o)
                              build/cooja/mtype176.a(contiki-main.o) (netstack_init)
build/cooja/mtype176.a(linkaddr.o)
                              build/cooja/mtype176.a(contiki-main.o) (linkaddr_node_addr)
build/cooja/mtype176.a(csma.o)
                              build/cooja/mtype176.a(cooja-radio.o) (csma_driver)
build/cooja/mtype176.a(csma-output.o)
                              build/cooja/mtype176.a(csma.o) (csma_output_packet)
build/cooja/mtype176.a(uip-ds6.o)
                              build/cooja/mtype176.a(contiki-main.o) (uip_ds6_get_link_local)
build/cooja/mtype176.a(uiplib.o)
                              build/cooja/mtype176.a(log.o) (uiplib_ipaddr_snprint)
build/cooja/mtype176.a(uip-ds6-route.o)
                              build/cooja/mtype176.a(uip-ds6.o) (uip_ds6_route_init)
build/cooja/mtype176.a(tcpip.o)
[...]
Memory Configuration

Name             Origin             Length             Attributes
*default*        0x0000000000000000 0xffffffffffffffff

Linker script and memory map

LOAD /usr/lib/gcc/i686-linux-gnu/7/../../../i386-linux-gnu/crti.o
LOAD /usr/lib/gcc/i686-linux-gnu/7/crtbeginS.o
LOAD sensor-node.o
LOAD build/cooja/mtype176.o
LOAD build/cooja/mtype176.a
LOAD /usr/lib/gcc/i686-linux-gnu/7/libgcc.a
LOAD /usr/lib/gcc/i686-linux-gnu/7/libgcc_s.so
START GROUP
LOAD /usr/lib/gcc/i686-linux-gnu/7/libgcc_s.so.1
LOAD /usr/lib/gcc/i686-linux-gnu/7/libgcc.a
END GROUP
LOAD /usr/lib/gcc/i686-linux-gnu/7/../../../i386-linux-gnu/libc.so
START GROUP
LOAD /lib/i386-linux-gnu/libc.so.6
LOAD /usr/lib/i386-linux-gnu/libc_nonshared.a
LOAD /lib/i386-linux-gnu/ld-linux.so.2
END GROUP
LOAD /usr/lib/gcc/i686-linux-gnu/7/libgcc.a
LOAD /usr/lib/gcc/i686-linux-gnu/7/libgcc_s.so
START GROUP
LOAD /usr/lib/gcc/i686-linux-gnu/7/libgcc_s.so.1
LOAD /usr/lib/gcc/i686-linux-gnu/7/libgcc.a
END GROUP
LOAD /usr/lib/gcc/i686-linux-gnu/7/crtendS.o
LOAD /usr/lib/gcc/i686-linux-gnu/7/../../../i386-linux-gnu/crtn.o
                0x0000000000000114                . = (SEGMENT_START ("text-segment", 0x0) + SIZEOF_HEADERS)

.note.gnu.build-id
                0x0000000000000114       0x24
 *(.note.gnu.build-id)
 .note.gnu.build-id
                0x0000000000000114       0x24 /usr/lib/gcc/i686-linux-gnu/7/../../../i386-linux-gnu/crti.o

.hash
 *(.hash)

.gnu.hash       0x0000000000000138     0x1434
 *(.gnu.hash)
 .gnu.hash      0x0000000000000138     0x1434 /usr/lib/gcc/i686-linux-gnu/7/../../../i386-linux-gnu/crti.o

.dynsym         0x000000000000156c     0x2910
 *(.dynsym)
 .dynsym        0x000000000000156c     0x2910 /usr/lib/gcc/i686-linux-gnu/7/../../../i386-linux-gnu/crti.o

.dynstr         0x0000000000003e7c     0x2eac
 *(.dynstr)
 .dynstr        0x0000000000003e7c     0x2eac /usr/lib/gcc/i686-linux-gnu/7/../../../i386-linux-gnu/crti.o

.gnu.version    0x0000000000006d28      0x522
 *(.gnu.version)
 .gnu.version   0x0000000000006d28      0x522 /usr/lib/gcc/i686-linux-gnu/7/../../../i386-linux-gnu/crti.o

.gnu.version_d  0x000000000000724c        0x0
 *(.gnu.version_d)
 .gnu.version_d
                0x000000000000724c        0x0 /usr/lib/gcc/i686-linux-gnu/7/../../../i386-linux-gnu/crti.o

.gnu.version_r  0x000000000000724c       0x40
 *(.gnu.version_r)
 .gnu.version_r
                0x000000000000724c       0x40 /usr/lib/gcc/i686-linux-gnu/7/../../../i386-linux-gnu/crti.o

.rel.dyn        0x000000000000728c      0xdc8
 *(.rel.init)
 .rel.init      0x000000000000728c        0x0 /usr/lib/gcc/i686-linux-gnu/7/../../../i386-linux-gnu/crti.o
 *(.rel.text .rel.text.* .rel.gnu.linkonce.t.*)
 .rel.text      0x000000000000728c      0x500 /usr/lib/gcc/i686-linux-gnu/7/../../../i386-linux-gnu/crti.o
 *(.rel.fini)
 .rel.fini      0x000000000000778c        0x0 /usr/lib/gcc/i686-linux-gnu/7/../../../i386-linux-gnu/crti.o
 *(.rel.rodata .rel.rodata.* .rel.gnu.linkonce.r.*)
 *(.rel.data.rel.ro .rel.data.rel.ro.* .rel.gnu.linkonce.d.rel.ro.*)
 .rel.data.rel.ro.local
                0x000000000000778c      0x208 /usr/lib/gcc/i686-linux-gnu/7/../../../i386-linux-gnu/crti.o
 .rel.data.rel.ro
                0x0000000000007994       0xb0 /usr/lib/gcc/i686-linux-gnu/7/../../../i386-linux-gnu/crti.o
 *(.rel.data .rel.data.* .rel.gnu.linkonce.d.*)
 .rel.data.rel.local
                0x0000000000007a44      0x2f0 /usr/lib/gcc/i686-linux-gnu/7/../../../i386-linux-gnu/crti.o
 .rel.data.rel  0x0000000000007d34       0x78 /usr/lib/gcc/i686-linux-gnu/7/../../../i386-linux-gnu/crti.o
 *(.rel.tdata .rel.tdata.* .rel.gnu.linkonce.td.*)
 *(.rel.tbss .rel.tbss.* .rel.gnu.linkonce.tb.*)
 *(.rel.ctors)
 *(.rel.dtors)
 *(.rel.got)
 .rel.got       0x0000000000007dac      0x298 /usr/lib/gcc/i686-linux-gnu/7/../../../i386-linux-gnu/crti.o
 *(.rel.bss .rel.bss.* .rel.gnu.linkonce.b.*)
 *(.rel.ifunc)
 .rel.ifunc     0x0000000000008044        0x0 /usr/lib/gcc/i686-linux-gnu/7/../../../i386-linux-gnu/crti.o
 .rel.fini_array
                0x0000000000008044        0x8 /usr/lib/gcc/i686-linux-gnu/7/../../../i386-linux-gnu/crti.o
 .rel.init_array
                0x000000000000804c        0x8 /usr/lib/gcc/i686-linux-gnu/7/../../../i386-linux-gnu/crti.o

.rel.plt        0x0000000000008054      0x960
 *(.rel.plt)
 .rel.plt       0x0000000000008054      0x960 /usr/lib/gcc/i686-linux-gnu/7/../../../i386-linux-gnu/crti.o
 *(.rel.iplt)

.init           0x00000000000089b4       0x23
 *(SORT_NONE(.init))
 .init          0x00000000000089b4       0x1e /usr/lib/gcc/i686-linux-gnu/7/../../../i386-linux-gnu/crti.o
                0x00000000000089b4                _init
 .init          0x00000000000089d2        0x5 /usr/lib/gcc/i686-linux-gnu/7/../../../i386-linux-gnu/crtn.o

.plt            0x00000000000089e0     0x12d0
 *(.plt)
 .plt           0x00000000000089e0     0x12d0 /usr/lib/gcc/i686-linux-gnu/7/../../../i386-linux-gnu/crti.o
 *(.iplt)

.plt.got        0x0000000000009cb0       0x18
 *(.plt.got)
 .plt.got       0x0000000000009cb0       0x18 /usr/lib/gcc/i686-linux-gnu/7/../../../i386-linux-gnu/crti.o

.plt.sec
 *(.plt.sec)

.text           0x0000000000009cd0    0x1a404
 *(.text.unlikely .text.*_unlikely .text.unlikely.*)
 *(.text.exit .text.exit.*)
 *(.text.startup .text.startup.*)
 *(.text.hot .text.hot.*)
 *(.text .stub .text.* .gnu.linkonce.t.*)
 .text          0x0000000000009cd0        0x0 /usr/lib/gcc/i686-linux-gnu/7/../../../i386-linux-gnu/crti.o
 .gnu.linkonce.t.__x86.get_pc_thunk.bx
                0x0000000000009cd0        0x4 /usr/lib/gcc/i686-linux-gnu/7/../../../i386-linux-gnu/crti.o
                0x0000000000009cd0                __x86.get_pc_thunk.bx
 *fill*         0x0000000000009cd4        0xc 
 .text          0x0000000000009ce0       0xe9 /usr/lib/gcc/i686-linux-gnu/7/crtbeginS.o
 .text.__x86.get_pc_thunk.dx
                0x0000000000009dc9        0x4 /usr/lib/gcc/i686-linux-gnu/7/crtbeginS.o
                0x0000000000009dc9                __x86.get_pc_thunk.dx
 .text          0x0000000000009dcd      0x224 sensor-node.o
 .text          0x0000000000009ff1      0x36b build/cooja/mtype176.o
                0x000000000000a0a3                platform_init_stage_one
                0x000000000000a0c6                platform_init_stage_two
                0x000000000000a0e9                platform_init_stage_three
                0x000000000000a10c                platform_main_loop
                0x000000000000a1b2                Java_org_contikios_cooja_corecomm_Lib6_init
                0x000000000000a200                Java_org_contikios_cooja_corecomm_Lib6_getMemory
                0x000000000000a240                Java_org_contikios_cooja_corecomm_Lib6_setMemory
                0x000000000000a2b1                Java_org_contikios_cooja_corecomm_Lib6_tick
                0x000000000000a33b                Java_org_contikios_cooja_corecomm_Lib6_setReferenceAddress
 .text.__x86.get_pc_thunk.ax
                0x000000000000a35c        0x4 build/cooja/mtype176.o
                0x000000000000a35c                __x86.get_pc_thunk.ax
 .text          0x000000000000a360       0x8d build/cooja/mtype176.a(simEnvChange.o)
                0x000000000000a360                doActionsBeforeTick
                0x000000000000a3a6                doActionsAfterTick
 .text          0x000000000000a3ed       0xb6 build/cooja/mtype176.a(cooja_mt.o)
                0x000000000000a3ed                cooja_mt_start
                0x000000000000a427                cooja_mt_exec
                0x000000000000a46e                cooja_mt_yield
 .text          0x000000000000a4a3       0xf2 build/cooja/mtype176.a(cooja_mtarch.o)
                0x000000000000a4a3                cooja_mtarch_start
                0x000000000000a527                cooja_sw
                0x000000000000a555                cooja_mtarch_exec
                0x000000000000a580                cooja_mtarch_yield
 .text          0x000000000000a595      0x127 build/cooja/mtype176.a(rtimer-arch.o)
                0x000000000000a595                rtimer_arch_init
                0x000000000000a5c4                rtimer_arch_schedule
                0x000000000000a606                rtimer_arch_next
                0x000000000000a620                rtimer_arch_pending
                0x000000000000a637                rtimer_arch_check
                0x000000000000a6a2                rtimer_arch_now
 .text.__x86.get_pc_thunk.cx
                0x000000000000a6bc        0x4 build/cooja/mtype176.a(rtimer-arch.o)
                0x000000000000a6bc                __x86.get_pc_thunk.cx
 .text          0x000000000000a6c0      0x101 build/cooja/mtype176.a(beep.o)
                0x000000000000a6c0                beep_alarm
                0x000000000000a6d9                beep_beep
                0x000000000000a6f2                beep
                0x000000000000a70b                beep_down
                0x000000000000a724                beep_on
                0x000000000000a73d                beep_off
                0x000000000000a756                beep_spinup
                0x000000000000a76f                beep_quick
                0x000000000000a788                beep_long
 .text          0x000000000000a7c1       0x9f build/cooja/mtype176.a(leds-arch.o)
                0x000000000000a7e5                leds_arch_init
 .text          0x000000000000a860       0x56 build/cooja/mtype176.a(moteid.o)
 .text          0x000000000000a8b6      0x101 build/cooja/mtype176.a(pir-sensor.o)
 .text          0x000000000000a9b7      0x1cc build/cooja/mtype176.a(rs232.o)
                0x000000000000a9b7                rs232_init
                0x000000000000a9c7                rs232_set_speed
                0x000000000000a9e0                rs232_set_input
                0x000000000000a9f9                rs232_send
                0x000000000000aa2f                rs232_print
                0x000000000000aa5d                slip_arch_writeb
 .text          0x000000000000ab83      0x101 build/cooja/mtype176.a(vib-sensor.o)
 .text          0x000000000000ac84       0x7a build/cooja/mtype176.a(clock.o)
                0x000000000000ac84                clock_init
                0x000000000000ac94                clock_time
                0x000000000000acab                clock_seconds
                0x000000000000acce                clock_delay
 .text          0x000000000000acfe      0x2b5 build/cooja/mtype176.a(cooja-log.o)
                0x000000000000acfe                simlog_char
                0x000000000000ad62                simlog
                0x000000000000adfc                log_message
                0x000000000000ae4b                log_set_putchar_with_slip
                0x000000000000ae64                log_putchar
                0x000000000000aeef                log_puts
                0x000000000000af21                log_printf
 .text          0x000000000000afb3      0x36c build/cooja/mtype176.a(cfs-cooja.o)
                0x000000000000afb3                cfs_open
                0x000000000000b02b                cfs_close
                0x000000000000b042                cfs_read
                0x000000000000b0f6                cfs_write
                0x000000000000b1f4                cfs_seek
                0x000000000000b291                cfs_remove
                0x000000000000b2c7                cfs_opendir
                0x000000000000b2db                cfs_readdir
                0x000000000000b2ef                cfs_closedir
 .text          0x000000000000b31f      0x785 build/cooja/mtype176.a(cooja-radio.o)
                0x000000000000b38d                radio_set_channel
                0x000000000000b3a6                radio_set_txpower
                0x000000000000b3c9                radio_signal_strength_last
                0x000000000000b3de                radio_signal_strength_current
                0x000000000000b3f3                radio_LQI
 .text          0x000000000000baa4      0x130 build/cooja/mtype176.a(eeprom.o)
                0x000000000000baa4                eeprom_init
                0x000000000000bab4                eeprom_read
                0x000000000000bb34                eeprom_write
 .text          0x000000000000bbd4       0x4e build/cooja/mtype176.a(random.o)
                0x000000000000bbd4                random_init
                0x000000000000bc04                random_rand
 .text          0x000000000000bc22      0x332 build/cooja/mtype176.a(sensors.o)
                0x000000000000bc69                sensors_first
                0x000000000000bc80                sensors_next
                0x000000000000bcab                sensors_changed
                0x000000000000bcf8                sensors_find
 .text          0x000000000000bf54      0x3fc build/cooja/mtype176.a(leds.o)
                0x000000000000bf54                leds_init
                0x000000000000bfac                leds_single_on
                0x000000000000c024                leds_single_off
                0x000000000000c09c                leds_single_toggle
                0x000000000000c0e0                leds_on
                0x000000000000c178                leds_off
                0x000000000000c210                leds_toggle
                0x000000000000c276                leds_set
                0x000000000000c2ac                leds_get
 .text          0x000000000000c350      0x401 build/cooja/mtype176.a(gpio-hal-arch.o)
                0x000000000000c350                gpio_hal_arch_register_pin_callback
                0x000000000000c3d1                gpio_hal_arch_init
                0x000000000000c42b                gpio_hal_arch_no_port_interrupt_enable
                0x000000000000c465                gpio_hal_arch_no_port_interrupt_disable
                0x000000000000c49f                gpio_hal_arch_no_port_pin_cfg_set
                0x000000000000c4ce                gpio_hal_arch_no_port_pin_cfg_get
                0x000000000000c4fe                gpio_hal_arch_no_port_pin_set_input
                0x000000000000c51a                gpio_hal_arch_no_port_pin_set_output
                0x000000000000c536                gpio_hal_arch_no_port_set_pin
                0x000000000000c561                gpio_hal_arch_no_port_clear_pin
                0x000000000000c58c                gpio_hal_arch_no_port_read_pin
                0x000000000000c5be                gpio_hal_arch_no_port_write_pin
                0x000000000000c5f2                gpio_hal_arch_no_port_set_pins
                0x000000000000c643                gpio_hal_arch_no_port_clear_pins
                0x000000000000c694                gpio_hal_arch_no_port_read_pins
                0x000000000000c6e7                gpio_hal_arch_no_port_write_pins
 .text          0x000000000000c751       0xc6 build/cooja/mtype176.a(buttons.o)
 .text          0x000000000000c817      0x3c1 build/cooja/mtype176.a(contiki-main.o)
                0x000000000000c817                main
 .text          0x000000000000cbd8       0xb0 build/cooja/mtype176.a(autostart.o)
                0x000000000000cbd8                autostart_start
                0x000000000000cc31                autostart_exit
 .text          0x000000000000cc88      0x400 build/cooja/mtype176.a(ctimer.o)
                0x000000000000cdcb                ctimer_init
                0x000000000000ce10                ctimer_set
                0x000000000000ce43                ctimer_set_with_process
                0x000000000000ceda                ctimer_reset
                0x000000000000cf48                ctimer_restart
                0x000000000000cfb6                ctimer_stop
                0x000000000000d016                ctimer_expired
 .text          0x000000000000d088      0x4a3 build/cooja/mtype176.a(log.o)
                0x000000000000d088                log_6addr
                0x000000000000d0ec                log_6addr_compact_snprint
                0x000000000000d1ac                log_6addr_compact
                0x000000000000d210                log_lladdr
                0x000000000000d297                log_lladdr_compact
                0x000000000000d314                log_bytes
                0x000000000000d368                log_set_level
                0x000000000000d446                log_get_level
                0x000000000000d4d7                log_level_to_str
 .text          0x000000000000d52b       0x39 build/cooja/mtype176.a(energest.o)
                0x000000000000d52b                energest_init
                0x000000000000d53b                energest_flush
                0x000000000000d54b                energest_get_total_time
 .text          0x000000000000d564      0x527 build/cooja/mtype176.a(etimer.o)
                0x000000000000d7b9                etimer_request_poll
                0x000000000000d86a                etimer_set
                0x000000000000d8a3                etimer_reset_with_new_interval
                0x000000000000d8e2                etimer_reset
                0x000000000000d918                etimer_restart
                0x000000000000d94e                etimer_adjust
                0x000000000000d975                etimer_expired
                0x000000000000d992                etimer_expiration_time
                0x000000000000d9ae                etimer_start_time
                0x000000000000d9c2                etimer_pending
                0x000000000000d9df                etimer_next_expiration_time
                0x000000000000da07                etimer_stop
 .text          0x000000000000da8b       0x36 build/cooja/mtype176.a(node-id.o)
                0x000000000000da8b                node_id_init
 .text          0x000000000000dac1      0x122 build/cooja/mtype176.a(rtimer.o)
                0x000000000000dac1                rtimer_init
                0x000000000000dae0                rtimer_set
                0x000000000000db6e                rtimer_run_next
 .text          0x000000000000dbe3      0x5cb build/cooja/mtype176.a(process.o)
                0x000000000000dbe3                process_alloc_event
                0x000000000000dc04                process_start
                0x000000000000de09                process_exit
                0x000000000000de31                process_init
                0x000000000000dff9                process_run
                0x000000000000e03c                process_nevents
                0x000000000000e061                process_post
                0x000000000000e10e                process_post_synch
                0x000000000000e154                process_poll
                0x000000000000e190                process_is_running
 .text.__x86.get_pc_thunk.si
                0x000000000000e1ae        0x4 build/cooja/mtype176.a(process.o)
                0x000000000000e1ae                __x86.get_pc_thunk.si
 .text          0x000000000000e1b2       0xf6 build/cooja/mtype176.a(timer.o)
                0x000000000000e1b2                timer_set
                0x000000000000e1e1                timer_reset
                0x000000000000e218                timer_restart
                0x000000000000e23e                timer_expired
                0x000000000000e27c                timer_remaining
 .text          0x000000000000e2a8      0x311 build/cooja/mtype176.a(list.o)
                0x000000000000e2a8                list_init
                0x000000000000e2c1                list_head
                0x000000000000e2d5                list_copy
                0x000000000000e2ef                list_tail
                0x000000000000e32f                list_add
                0x000000000000e385                list_push
                0x000000000000e3bb                list_chop
                0x000000000000e42f                list_pop
                0x000000000000e461                list_remove
                0x000000000000e4d3                list_length
                0x000000000000e50b                list_insert
                0x000000000000e55a                list_item_next
                0x000000000000e57b                list_contains
 .text          0x000000000000e5b9      0x566 build/cooja/mtype176.a(button-hal.o)
                0x000000000000e7ad                button_hal_get_by_id
                0x000000000000e7f7                button_hal_get_by_index
                0x000000000000e831                button_hal_get_state
                0x000000000000e893                button_hal_init
 .text          0x000000000000eb1f      0x242 build/cooja/mtype176.a(serial-line.o)
                0x000000000000eb1f                serial_line_input_byte
                0x000000000000ed17                serial_line_init
 .text          0x000000000000ed61      0x1d6 build/cooja/mtype176.a(gpio-hal.o)
                0x000000000000ed61                gpio_hal_register_handler
                0x000000000000ed8f                gpio_hal_event_handler
                0x000000000000edfc                gpio_hal_init
                0x000000000000ee2b                gpio_hal_arch_port_toggle_pin
                0x000000000000ee76                gpio_hal_arch_port_toggle_pins
                0x000000000000eeb3                gpio_hal_arch_no_port_toggle_pin
                0x000000000000ef00                gpio_hal_arch_no_port_toggle_pins
 .text          0x000000000000ef37      0x3a9 build/cooja/mtype176.a(queuebuf.o)
                0x000000000000ef4b                queuebuf_init
                0x000000000000ef87                queuebuf_numfree
                0x000000000000efb1                queuebuf_new_from_packetbuf
                0x000000000000f065                queuebuf_update_attr_from_packetbuf
                0x000000000000f0a9                queuebuf_update_from_packetbuf
                0x000000000000f108                queuebuf_free
                0x000000000000f166                queuebuf_to_packetbuf
                0x000000000000f1e3                queuebuf_dataptr
                0x000000000000f22f                queuebuf_datalen
                0x000000000000f25c                queuebuf_addr
                0x000000000000f29b                queuebuf_attr
                0x000000000000f2d0                queuebuf_debug_print
 .text          0x000000000000f2e0      0x4dd build/cooja/mtype176.a(packetbuf.o)
                0x000000000000f2e0                packetbuf_clear
                0x000000000000f316                packetbuf_copyfrom
                0x000000000000f376                packetbuf_copyto
                0x000000000000f414                packetbuf_hdralloc
                0x000000000000f4a4                packetbuf_hdrreduce
                0x000000000000f4f6                packetbuf_set_datalen
                0x000000000000f51b                packetbuf_dataptr
                0x000000000000f542                packetbuf_hdrptr
                0x000000000000f557                packetbuf_datalen
                0x000000000000f56d                packetbuf_hdrlen
                0x000000000000f58c                packetbuf_totlen
                0x000000000000f5ac                packetbuf_remaininglen
                0x000000000000f5c9                packetbuf_attr_clear
                0x000000000000f62f                packetbuf_attr_copyto
                0x000000000000f675                packetbuf_attr_copyfrom
                0x000000000000f6bb                packetbuf_set_attr
                0x000000000000f6f1                packetbuf_attr
                0x000000000000f717                packetbuf_set_addr
                0x000000000000f75f                packetbuf_addr
                0x000000000000f789                packetbuf_holds_broadcast
 .text          0x000000000000f7bd      0x13c build/cooja/mtype176.a(netstack.o)
                0x000000000000f7bd                netstack_process_ip_callback
                0x000000000000f85e                netstack_ip_packet_processor_add
                0x000000000000f892                uip_ds6_ip_packet_processor_rm
                0x000000000000f8c0                netstack_init
 .text          0x000000000000f8f9       0x75 build/cooja/mtype176.a(linkaddr.o)
                0x000000000000f8f9                linkaddr_copy
                0x000000000000f919                linkaddr_cmp
                0x000000000000f94c                linkaddr_set_node_addr
 .text          0x000000000000f96e      0x2ae build/cooja/mtype176.a(csma.o)
 .text          0x000000000000fc1c      0xa6f build/cooja/mtype176.a(csma-output.o)
                0x000000000001038e                csma_output_packet
                0x000000000001063d                csma_output_init
 .text          0x000000000001068b      0xe47 build/cooja/mtype176.a(uip-ds6.o)
                0x000000000001068b                uip_ds6_default_prefix
                0x00000000000106a0                uip_ds6_set_default_prefix
                0x00000000000106d6                uip_ds6_init
                0x0000000000010971                uip_ds6_periodic
                0x0000000000010a19                uip_ds6_list_loop
                0x0000000000010ae8                uip_ds6_prefix_add
                0x0000000000010baf                uip_ds6_prefix_rm
                0x0000000000010bcc                uip_ds6_prefix_lookup
                0x0000000000010c1f                uip_ds6_is_addr_onlink
                0x0000000000010cac                uip_ds6_addr_add
                0x0000000000010dee                uip_ds6_addr_rm
                0x0000000000010ead                uip_ds6_addr_lookup
                0x0000000000010efd                uip_ds6_get_link_local
                0x0000000000010f9b                uip_ds6_get_global
                0x0000000000011039                uip_ds6_maddr_add
                0x00000000000110b5                uip_ds6_maddr_rm
                0x00000000000110d2                uip_ds6_maddr_lookup
                0x0000000000011125                uip_ds6_aaddr_add
                0x000000000001119e                uip_ds6_aaddr_rm
                0x00000000000111bb                uip_ds6_aaddr_lookup
                0x000000000001120b                uip_ds6_select_src
                0x0000000000011379                uip_ds6_set_addr_iid
                0x00000000000113ae                uip_ds6_set_lladdr_from_iid
                0x00000000000113e1                get_match_length
                0x000000000001147c                uip_ds6_compute_reachable_time
 .text          0x00000000000114d2      0x51a build/cooja/mtype176.a(uiplib.o)
                0x00000000000114d2                uiplib_ip6addrconv
                0x0000000000011698                uiplib_ip4addrconv
                0x0000000000011765                uiplib_ipaddr_print
                0x00000000000117c9                uiplib_ipaddr_snprint
 .text          0x00000000000119ec      0x453 build/cooja/mtype176.a(uip-ds6-route.o)
                0x0000000000011a4e                uip_ds6_route_init
                0x0000000000011a8a                uip_ds6_route_count_nexthop_neighbors
                0x0000000000011a9e                uip_ds6_route_nexthop
                0x0000000000011ab2                uip_ds6_route_head
                0x0000000000011ac6                uip_ds6_route_next
                0x0000000000011ada                uip_ds6_route_is_nexthop
                0x0000000000011aee                uip_ds6_route_num_routes
                0x0000000000011b02                uip_ds6_route_lookup
                0x0000000000011b16                uip_ds6_route_add
                0x0000000000011b33                uip_ds6_route_rm
                0x0000000000011b43                uip_ds6_route_rm_by_nexthop
                0x0000000000011b53                uip_ds6_defrt_head
                0x0000000000011b7d                uip_ds6_defrt_add
                0x0000000000011c3d                uip_ds6_defrt_rm
                0x0000000000011cb6                uip_ds6_defrt_lookup
                0x0000000000011d2d                uip_ds6_defrt_choose
                0x0000000000011db3                uip_ds6_defrt_periodic
 .text          0x0000000000011e3f      0x870 build/cooja/mtype176.a(tcpip.o)
                0x0000000000011e65                tcpip_output
                0x0000000000011f14                udp_attach
                0x0000000000011f36                udp_new
                0x0000000000011f90                udp_broadcast_new
                0x0000000000012130                tcpip_input
                0x0000000000012326                tcpip_ipv6_output
                0x0000000000012562                tcpip_poll_udp
                0x0000000000012592                tcpip_uipcall
 .text          0x00000000000126af     0x1520 build/cooja/mtype176.a(uip6.o)
                0x0000000000012768                uip_chksum
                0x0000000000012860                uip_icmp6chksum
                0x000000000001287f                uip_udpchksum
                0x000000000001289e                uip_init
                0x00000000000128fd                uip_remove_ext_hdr
                0x00000000000129f8                uip_udp_new
                0x0000000000012d71                uip_process
                0x0000000000013a5f                uip_htons
                0x0000000000013a8b                uip_htonl
                0x0000000000013ad5                uip_send
 .text          0x0000000000013bcf      0x43e build/cooja/mtype176.a(uip-ds6-nbr.o)
                0x0000000000013bcf                uip_ds6_neighbors_init
                0x0000000000013c05                uip_ds6_nbr_add
                0x0000000000013c9f                uip_ds6_nbr_rm
                0x0000000000013cfe                uip_ds6_nbr_update_ll
                0x0000000000013dfb                uip_ds6_nbr_get_ipaddr
                0x0000000000013e1a                uip_ds6_nbr_get_ll
                0x0000000000013e47                uip_ds6_nbr_num
                0x0000000000013ea1                uip_ds6_nbr_head
                0x0000000000013ecb                uip_ds6_nbr_next
                0x0000000000013ef8                uip_ds6_nbr_lookup
                0x0000000000013f5f                uip_ds6_nbr_ll_lookup
                0x0000000000013f8c                uip_ds6_nbr_ipaddr_from_lladdr
                0x0000000000013fbf                uip_ds6_nbr_lladdr_from_ipaddr
                0x0000000000013ffd                uip_ds6_link_callback
 .text          0x000000000001400d      0x7d4 build/cooja/mtype176.a(uip-nd6.o)
                0x00000000000147b6                uip_nd6_init
 .text          0x00000000000147e1      0x44d build/cooja/mtype176.a(simple-udp.o)
                0x000000000001481f                simple_udp_send
                0x0000000000014891                simple_udp_sendto
                0x00000000000148fc                simple_udp_sendto_port
                0x0000000000014965                simple_udp_register
 .text          0x0000000000014c2e     0x3370 build/cooja/mtype176.a(sicslowpan.o)
                0x000000000001532c                netstack_sniffer_add
                0x0000000000015345                netstack_sniffer_remove
                0x0000000000017f5d                sicslowpan_init
                0x0000000000017f89                sicslowpan_get_last_rssi
 .text          0x0000000000017f9e      0x820 build/cooja/mtype176.a(rpl.o)
                0x0000000000017f9e                rpl_lollipop_greater_than
                0x0000000000018001                rpl_get_global_address
                0x0000000000018137                rpl_link_callback
                0x0000000000018230                rpl_has_joined
                0x0000000000018266                rpl_is_reachable
                0x0000000000018309                rpl_reset_prefix
                0x0000000000018403                rpl_set_prefix_from_addr
                0x00000000000185d2                rpl_set_prefix
                0x0000000000018785                rpl_set_leaf_only
                0x00000000000187a8                rpl_get_leaf_only
 .text          0x00000000000187be     0x205c build/cooja/mtype176.a(rpl-icmp6.o)
                0x000000000001891b                rpl_icmp6_update_nbr_table
                0x0000000000018b5c                rpl_icmp6_dis_output
                0x000000000001951f                rpl_icmp6_dio_output
                0x000000000001a061                rpl_icmp6_dao_output
                0x000000000001a699                rpl_icmp6_dao_ack_output
                0x000000000001a7ba                rpl_icmp6_init
 .text          0x000000000001a81a      0x571 build/cooja/mtype176.a(rpl-dag-root.o)
                0x000000000001a81a                rpl_dag_root_print_links
                0x000000000001ab83                rpl_dag_root_set_prefix
                0x000000000001abbe                rpl_dag_root_start
                0x000000000001ad49                rpl_dag_root_is_root
 .text          0x000000000001ad8b       0x6b build/cooja/mtype176.a(watchdog.o)
                0x000000000001ad8b                watchdog_init
                0x000000000001ad9b                watchdog_start
                0x000000000001adab                watchdog_periodic
                0x000000000001add6                watchdog_stop
                0x000000000001ade6                watchdog_reboot
 .text          0x000000000001adf6       0x75 build/cooja/mtype176.a(int-master.o)
                0x000000000001adf6                int_master_enable
                0x000000000001ae10                int_master_read_and_disable
                0x000000000001ae38                int_master_status_set
                0x000000000001ae51                int_master_is_enabled
 .text          0x000000000001ae6b      0x11d build/cooja/mtype176.a(stimer.o)
                0x000000000001ae6b                stimer_set
                0x000000000001ae9a                stimer_reset
                0x000000000001aed1                stimer_restart
                0x000000000001aef7                stimer_expired
                0x000000000001af33                stimer_remaining
                0x000000000001af5f                stimer_elapsed
 .text          0x000000000001af88      0x1ec build/cooja/mtype176.a(memb.o)
                0x000000000001af88                memb_init
                0x000000000001afec                memb_alloc
                0x000000000001b059                memb_free
                0x000000000001b0da                memb_inmemb
                0x000000000001b123                memb_numfree
 .text          0x000000000001b174       0x31 build/cooja/mtype176.a(assert.o)
                0x000000000001b174                _xassert
 .text          0x000000000001b1a5      0x188 build/cooja/mtype176.a(ringbuf.o)
                0x000000000001b1a5                ringbuf_init
                0x000000000001b1e1                ringbuf_put
                0x000000000001b269                ringbuf_get
                0x000000000001b2e0                ringbuf_size
                0x000000000001b2fc                ringbuf_elements
 .text          0x000000000001b32d      0xb68 build/cooja/mtype176.a(nbr-table.o)
                0x000000000001b6cf                nbr_table_count_entries
                0x000000000001b77c                nbr_table_gc_get_worst
                0x000000000001b7bc                nbr_table_can_accept_new
                0x000000000001b945                nbr_table_entry_is_allowed
                0x000000000001b9e5                nbr_table_register
                0x000000000001ba63                nbr_table_is_registered
                0x000000000001baa8                nbr_table_head
                0x000000000001bb15                nbr_table_next
                0x000000000001bb87                nbr_table_add_lladdr
                0x000000000001bcd6                nbr_table_get_from_lladdr
                0x000000000001bd33                nbr_table_remove
                0x000000000001bd7e                nbr_table_lock
                0x000000000001bda4                nbr_table_unlock
                0x000000000001bdca                nbr_table_get_lladdr
                0x000000000001be00                nbr_table_clear
                0x000000000001be45                nbr_table_key_head
                0x000000000001be6f                nbr_table_key_next
 .text          0x000000000001be95      0x450 build/cooja/mtype176.a(link-stats.o)
                0x000000000001be95                link_stats_from_lladdr
                0x000000000001bec2                link_stats_get_lladdr
                0x000000000001beef                link_stats_is_fresh
                0x000000000001bf3c                guess_etx_from_rssi
                0x000000000001bfc2                link_stats_packet_sent
                0x000000000001c106                link_stats_input_callback
                0x000000000001c23a                link_stats_reset
                0x000000000001c29c                link_stats_init
 .text          0x000000000001c2e5      0x1a8 build/cooja/mtype176.a(mac-sequence.o)
                0x000000000001c2e5                mac_sequence_is_duplicate
                0x000000000001c3a5                mac_sequence_register_seqno
 .text          0x000000000001c48d       0x2d build/cooja/mtype176.a(mac.o)
                0x000000000001c48d                mac_call_sent_callback
 .text          0x000000000001c4ba      0x477 build/cooja/mtype176.a(framer-802154.o)
                0x000000000001c65d                framer_802154_setup_params
 .text          0x000000000001c931      0xc1a build/cooja/mtype176.a(frame802154.o)
                0x000000000001c96c                frame802154_get_pan_id
                0x000000000001c982                frame802154_set_pan_id
                0x000000000001c9a7                frame802154_has_panid
                0x000000000001cb60                frame802154_check_dest_panid
                0x000000000001cbf2                frame802154_is_broadcast_addr
                0x000000000001cc49                frame802154_extract_linkaddr
                0x000000000001ced2                frame802154_hdrlen
                0x000000000001cf4f                frame802154_create_fcf
                0x000000000001d011                frame802154_create
                0x000000000001d19c                frame802154_parse_fcf
                0x000000000001d288                frame802154_parse
 .text          0x000000000001d54b       0x4e build/cooja/mtype176.a(csma-security.o)
                0x000000000001d54b                csma_security_create_frame
                0x000000000001d57c                csma_security_parse_frame
 .text          0x000000000001d599      0x5be build/cooja/mtype176.a(uipbuf.o)
                0x000000000001d599                uipbuf_clear
                0x000000000001d5d0                uipbuf_add_ext_hdr
                0x000000000001d66b                uipbuf_set_len
                0x000000000001d6a5                uipbuf_set_len_field
                0x000000000001d6db                uipbuf_get_len_field
                0x000000000001d705                uipbuf_get_next_header
                0x000000000001d841                uipbuf_get_last_header
                0x000000000001d8c4                uipbuf_search_header
                0x000000000001d988                uipbuf_get_attr
                0x000000000001d9b9                uipbuf_set_attr
                0x000000000001d9fa                uipbuf_set_default_attr
                0x000000000001da3b                uipbuf_clear_attr
                0x000000000001da7b                uipbuf_set_attr_flag
                0x000000000001daa7                uipbuf_clr_attr_flag
                0x000000000001dad9                uipbuf_is_attr_flag
                0x000000000001db07                uipbuf_init
 .text          0x000000000001db57      0x8b7 build/cooja/mtype176.a(uip-icmp6.o)
                0x000000000001dbdc                uip_icmp6_input
                0x000000000001dc3d                uip_icmp6_register_input_handler
                0x000000000001ddf1                uip_icmp6_error_output
                0x000000000001e133                uip_icmp6_send
                0x000000000001e361                uip_icmp6_echo_reply_callback_add
                0x000000000001e3a4                uip_icmp6_echo_reply_callback_rm
                0x000000000001e3d2                uip_icmp6_init
 .text          0x000000000001e40e      0x772 build/cooja/mtype176.a(uip-sr.o)
                0x000000000001e40e                uip_sr_num_nodes
                0x000000000001e4ba                uip_sr_get_node
                0x000000000001e521                uip_sr_is_addr_reachable
                0x000000000001e5de                uip_sr_expire_parent
                0x000000000001e631                uip_sr_update_node
                0x000000000001e775                uip_sr_init
                0x000000000001e7bb                uip_sr_node_head
                0x000000000001e7e5                uip_sr_node_next
                0x000000000001e80b                uip_sr_periodic
                0x000000000001e927                uip_sr_free_all
                0x000000000001e9ac                uip_sr_link_snprint
 .text          0x000000000001eb80      0x1a5 build/cooja/mtype176.a(uip-packetqueue)
                0x000000000001ebc0                uip_packetqueue_new
                0x000000000001ebd9                uip_packetqueue_alloc
                0x000000000001ec48                uip_packetqueue_free
                0x000000000001eca0                uip_packetqueue_buf
                0x000000000001ecc7                uip_packetqueue_buflen
                0x000000000001ecf2                uip_packetqueue_set_buflen
 .text          0x000000000001ed25      0x152 build/cooja/mtype176.a(uip-udp-packet.)
                0x000000000001ed25                uip_udp_packet_send
                0x000000000001ed9e                uip_udp_packet_sendto
 .text          0x000000000001ee77     0x1c61 build/cooja/mtype176.a(rpl-dag.o)
                0x000000000001ee77                rpl_dag_state_to_str
                0x000000000001eec5                rpl_dag_get_root_ipaddr
                0x000000000001ef15                rpl_dag_leave
                0x000000000001f059                rpl_dag_poison_and_leave
                0x000000000001f085                rpl_dag_periodic
                0x000000000001f1d5                rpl_is_addr_in_our_dag
                0x000000000001f234                rpl_get_default_instance
                0x000000000001f25e                rpl_get_any_dag
                0x000000000001f2d4                rpl_refresh_routes
                0x000000000001f3a9                rpl_global_repair
                0x000000000001f573                rpl_local_repair
                0x000000000001f61e                rpl_dag_ready_to_advertise
                0x000000000001f677                rpl_dag_update_state
                0x00000000000204e6                rpl_process_dio
                0x00000000000205c6                rpl_process_dis
                0x000000000002065b                rpl_process_dao
                0x000000000002073f                rpl_process_dao_ack
                0x0000000000020848                rpl_process_hbh
                0x00000000000208a8                rpl_dag_init_root
                0x0000000000020aa6                rpl_dag_init
 .text          0x0000000000020ad8      0xdc1 build/cooja/mtype176.a(rpl-neighbor.o)
                0x0000000000020b74                rpl_neighbor_snprint
                0x0000000000020e5c                rpl_neighbor_print_list
                0x00000000000210a6                rpl_neighbor_count
                0x0000000000021189                rpl_neighbor_get_from_lladdr
                0x00000000000211b6                rpl_neighbor_is_acceptable_parent
                0x00000000000211fc                rpl_neighbor_get_link_metric
                0x0000000000021242                rpl_neighbor_rank_via_nbr
                0x0000000000021288                rpl_neighbor_get_lladdr
                0x00000000000212b5                rpl_neighbor_get_ipaddr
                0x00000000000212eb                rpl_neighbor_get_link_stats
                0x0000000000021321                rpl_neighbor_is_fresh
                0x0000000000021357                rpl_neighbor_is_parent
                0x000000000002138e                rpl_neighbor_set_preferred_parent
                0x000000000002151a                rpl_neighbor_remove_all
                0x00000000000215c6                rpl_neighbor_get_from_ipaddr
                0x0000000000021700                rpl_neighbor_select_best
                0x0000000000021867                rpl_neighbor_init
 .text          0x0000000000021899      0xf08 build/cooja/mtype176.a(rpl-timers.o)
                0x0000000000021899                rpl_timers_schedule_periodic_dis
                0x0000000000021a43                rpl_timers_dio_reset
                0x0000000000021c00                rpl_timers_schedule_unicast_dio
                0x0000000000021dd3                rpl_timers_schedule_dao
                0x0000000000021ed9                rpl_timers_schedule_dao_ack
                0x0000000000021fa8                rpl_timers_notify_dao_ack
                0x000000000002202e                get_probing_delay
                0x0000000000022073                get_probing_target
                0x00000000000223ad                rpl_schedule_probing
                0x00000000000223f9                rpl_schedule_probing_now
                0x0000000000022493                rpl_timers_unschedule_leaving
                0x00000000000224ed                rpl_timers_schedule_leaving
                0x0000000000022552                rpl_timers_init
                0x0000000000022645                rpl_timers_stop_dag_timers
                0x0000000000022702                rpl_timers_unschedule_state_update
                0x000000000002273e                rpl_timers_schedule_state_update
 .text          0x00000000000227a1     0x14a6 build/cooja/mtype176.a(rpl-ext-header.)
                0x00000000000227a1                rpl_ext_header_srh_get_next_hop
                0x00000000000228eb                rpl_ext_header_srh_update
                0x000000000002335f                rpl_ext_header_hbh_update
                0x00000000000239c1                rpl_ext_header_update
                0x0000000000023a70                rpl_ext_header_remove
 .text          0x0000000000023c47       0x8d build/cooja/mtype176.a(rpl-nbr-policy.)
                0x0000000000023c93                rpl_nbr_gc_get_worst
 .text          0x0000000000023cd4      0x3e2 build/cooja/mtype176.a(rpl-mrhof.o)
 *fill*         0x00000000000240b6        0xa 
 .text          0x00000000000240c0       0x14 /usr/lib/i386-linux-gnu/libc_nonshared.a(stack_chk_fail_local.oS)
                0x00000000000240c0                __stack_chk_fail_local
 .text          0x00000000000240d4        0x0 /usr/lib/gcc/i686-linux-gnu/7/crtendS.o
 .text          0x00000000000240d4        0x0 /usr/lib/gcc/i686-linux-gnu/7/../../../i386-linux-gnu/crtn.o
 *(.gnu.warning)

.fini           0x00000000000240d4       0x14
 *(SORT_NONE(.fini))
 .fini          0x00000000000240d4        0xf /usr/lib/gcc/i686-linux-gnu/7/../../../i386-linux-gnu/crti.o
                0x00000000000240d4                _fini
 .fini          0x00000000000240e3        0x5 /usr/lib/gcc/i686-linux-gnu/7/../../../i386-linux-gnu/crtn.o
                [!provide]                        PROVIDE (__etext = .)
                [!provide]                        PROVIDE (_etext = .)
                [!provide]                        PROVIDE (etext = .)

.rodata         0x00000000000240e8     0x17bf
 *(.rodata .rodata.* .gnu.linkonce.r.*)
 .rodata        0x00000000000240e8       0x6f sensor-node.o
 *fill*         0x0000000000024157        0x1 
 .rodata        0x0000000000024158        0x6 build/cooja/mtype176.a(leds-arch.o)
                0x0000000000024158                leds_arch_leds
 .rodata        0x000000000002415e        0x4 build/cooja/mtype176.a(pir-sensor.o)
 .rodata        0x0000000000024162        0x6 build/cooja/mtype176.a(rs232.o)
 .rodata        0x0000000000024168        0xa build/cooja/mtype176.a(vib-sensor.o)
 *fill*         0x0000000000024172        0x2 
 .rodata        0x0000000000024174       0x27 build/cooja/mtype176.a(cfs-cooja.o)
 *fill*         0x000000000002419b        0x1 
 .rodata        0x000000000002419c       0x68 build/cooja/mtype176.a(cooja-radio.o)
 .rodata        0x0000000000024204        0x8 build/cooja/mtype176.a(sensors.o)
 .rodata        0x000000000002420c       0x14 build/cooja/mtype176.a(buttons.o)
                0x0000000000024218                button_hal_button_count
 .rodata        0x0000000000024220       0xf8 build/cooja/mtype176.a(contiki-main.o)
 .rodata        0x0000000000024318        0xf build/cooja/mtype176.a(ctimer.o)
 *fill*         0x0000000000024327        0x1 
 .rodata        0x0000000000024328       0xc4 build/cooja/mtype176.a(log.o)
 .rodata        0x00000000000243ec        0xc build/cooja/mtype176.a(etimer.o)
 .rodata        0x00000000000243f8       0x13 build/cooja/mtype176.a(button-hal.o)
 .rodata        0x000000000002440b        0xe build/cooja/mtype176.a(serial-line.o)
 *fill*         0x0000000000024419        0x3 
 .rodata        0x000000000002441c        0x8 build/cooja/mtype176.a(linkaddr.o)
                0x000000000002441c                linkaddr_null
 .rodata        0x0000000000024424        0x5 build/cooja/mtype176.a(csma.o)
 *fill*         0x0000000000024429        0x3 
 .rodata        0x000000000002442c       0x24 build/cooja/mtype176.a(csma-output.o)
 .rodata        0x0000000000024450       0x2d build/cooja/mtype176.a(uiplib.o)
 *fill*         0x000000000002447d        0x3 
 .rodata        0x0000000000024480       0x4d build/cooja/mtype176.a(uip-ds6-route.o)
 .rodata        0x00000000000244cd        0xd build/cooja/mtype176.a(tcpip.o)
 .rodata        0x00000000000244da       0x13 build/cooja/mtype176.a(simple-udp.o)
 *fill*         0x00000000000244ed        0x3 
 .rodata        0x00000000000244f0       0x1f build/cooja/mtype176.a(sicslowpan.o)
                0x00000000000244f0                unc_llconf
                0x00000000000244f4                unc_ctxconf
                0x00000000000244f8                unc_mxconf
                0x00000000000244fc                llprefix
 *fill*         0x000000000002450f        0x1 
 .rodata        0x0000000000024510       0xd4 build/cooja/mtype176.a(rpl.o)
 .rodata        0x00000000000245e4      0x587 build/cooja/mtype176.a(rpl-icmp6.o)
 *fill*         0x0000000000024b6b        0x1 
 .rodata        0x0000000000024b6c       0xc4 build/cooja/mtype176.a(rpl-dag-root.o)
 .rodata        0x0000000000024c30       0x25 build/cooja/mtype176.a(assert.o)
 .rodata        0x0000000000024c55       0x44 build/cooja/mtype176.a(uip-sr.o)
 *fill*         0x0000000000024c99        0x3 
 .rodata        0x0000000000024c9c      0x60c build/cooja/mtype176.a(rpl-dag.o)
 .rodata        0x00000000000252a8      0x15a build/cooja/mtype176.a(rpl-neighbor.o)
 .rodata        0x0000000000025402       0x89 build/cooja/mtype176.a(rpl-timers.o)
 *fill*         0x000000000002548b        0x1 
 .rodata        0x000000000002548c      0x3f6 build/cooja/mtype176.a(rpl-ext-header.)
 .rodata        0x0000000000025882       0x25 build/cooja/mtype176.a(rpl-mrhof.o)

.rodata1
 *(.rodata1)

.eh_frame_hdr   0x00000000000258a8     0x166c
 *(.eh_frame_hdr)
 .eh_frame_hdr  0x00000000000258a8     0x166c sensor-node.o
                0x00000000000258a8                __GNU_EH_FRAME_HDR
 *(.eh_frame_entry .eh_frame_entry.*)

.eh_frame       0x0000000000026f14     0x60e8
 *(.eh_frame)
 .eh_frame      0x0000000000026f14       0x3c /usr/lib/gcc/i686-linux-gnu/7/../../../i386-linux-gnu/crti.o
                                         0x40 (size before relaxing)
 .eh_frame      0x0000000000026f50       0x14 /usr/lib/gcc/i686-linux-gnu/7/../../../i386-linux-gnu/crti.o
                                         0x2c (size before relaxing)
 .eh_frame      0x0000000000026f64       0x24 sensor-node.o
                                         0x50 (size before relaxing)
 .eh_frame      0x0000000000026f88      0x1ac build/cooja/mtype176.o
                                        0x1ec (size before relaxing)
 .eh_frame      0x0000000000027134       0x48 build/cooja/mtype176.a(simEnvChange.o)
                                         0x74 (size before relaxing)
 .eh_frame      0x000000000002717c       0x6c build/cooja/mtype176.a(cooja_mt.o)
                                         0x98 (size before relaxing)
 .eh_frame      0x00000000000271e8       0x88 build/cooja/mtype176.a(cooja_mtarch.o)
                                         0xc8 (size before relaxing)
 .eh_frame      0x0000000000027270       0xe4 build/cooja/mtype176.a(rtimer-arch.o)
                                        0x110 (size before relaxing)
 .eh_frame      0x0000000000027354      0x160 build/cooja/mtype176.a(beep.o)
                                        0x18c (size before relaxing)
 .eh_frame      0x00000000000274b4       0x88 build/cooja/mtype176.a(leds-arch.o)
                                         0xc8 (size before relaxing)
 .eh_frame      0x000000000002753c       0x44 build/cooja/mtype176.a(moteid.o)
                                         0x70 (size before relaxing)
 .eh_frame      0x0000000000027580       0xa4 build/cooja/mtype176.a(pir-sensor.o)
                                         0xe4 (size before relaxing)
 .eh_frame      0x0000000000027624      0x110 build/cooja/mtype176.a(rs232.o)
                                        0x150 (size before relaxing)
 .eh_frame      0x0000000000027734       0xa4 build/cooja/mtype176.a(vib-sensor.o)
                                         0xe4 (size before relaxing)
 .eh_frame      0x00000000000277d8       0xc0 build/cooja/mtype176.a(clock.o)
                                         0xec (size before relaxing)
 .eh_frame      0x0000000000027898      0x130 build/cooja/mtype176.a(cooja-log.o)
                                        0x170 (size before relaxing)
 .eh_frame      0x00000000000279c8      0x16c build/cooja/mtype176.a(cfs-cooja.o)
                                        0x1ac (size before relaxing)
 .eh_frame      0x0000000000027b34      0x354 build/cooja/mtype176.a(cooja-radio.o)
                                        0x394 (size before relaxing)
 .eh_frame      0x0000000000027e88       0xa8 build/cooja/mtype176.a(eeprom.o)
                                         0xe8 (size before relaxing)
 .eh_frame      0x0000000000027f30       0x48 build/cooja/mtype176.a(random.o)
                                         0x74 (size before relaxing)
 .eh_frame      0x0000000000027f78       0xd0 build/cooja/mtype176.a(sensors.o)
                                        0x110 (size before relaxing)
 .eh_frame      0x0000000000028048      0x140 build/cooja/mtype176.a(leds.o)
                                        0x180 (size before relaxing)
 .eh_frame      0x0000000000028188      0x228 build/cooja/mtype176.a(gpio-hal-arch.o)
                                        0x27c (size before relaxing)
 .eh_frame      0x00000000000283b0       0xa4 build/cooja/mtype176.a(buttons.o)
                                         0xe4 (size before relaxing)
 .eh_frame      0x0000000000028454       0x38 build/cooja/mtype176.a(contiki-main.o)
                                         0x64 (size before relaxing)
 .eh_frame      0x000000000002848c       0x48 build/cooja/mtype176.a(autostart.o)
                                         0x74 (size before relaxing)
 .eh_frame      0x00000000000284d4      0x11c build/cooja/mtype176.a(ctimer.o)
                                        0x15c (size before relaxing)
 .eh_frame      0x00000000000285f0      0x144 build/cooja/mtype176.a(log.o)
                                        0x184 (size before relaxing)
 .eh_frame      0x0000000000028734       0x60 build/cooja/mtype176.a(energest.o)
                                         0x8c (size before relaxing)
 .eh_frame      0x0000000000028794      0x204 build/cooja/mtype176.a(etimer.o)
                                        0x244 (size before relaxing)
 .eh_frame      0x0000000000028998       0x20 build/cooja/mtype176.a(node-id.o)
                                         0x4c (size before relaxing)
 .eh_frame      0x00000000000289b8       0x6c build/cooja/mtype176.a(rtimer.o)
                                         0xc0 (size before relaxing)
 .eh_frame      0x0000000000028a24      0x1ec build/cooja/mtype176.a(process.o)
                                        0x22c (size before relaxing)
 .eh_frame      0x0000000000028c10       0xb4 build/cooja/mtype176.a(timer.o)
                                         0xe0 (size before relaxing)
 .eh_frame      0x0000000000028cc4      0x1a0 build/cooja/mtype176.a(list.o)
                                        0x1cc (size before relaxing)
 .eh_frame      0x0000000000028e64      0x188 build/cooja/mtype176.a(button-hal.o)
                                        0x1c8 (size before relaxing)
 .eh_frame      0x0000000000028fec       0x6c build/cooja/mtype176.a(serial-line.o)
                                         0x98 (size before relaxing)
 .eh_frame      0x0000000000029058       0xfc build/cooja/mtype176.a(gpio-hal.o)
                                        0x13c (size before relaxing)
 .eh_frame      0x0000000000029154      0x1c0 build/cooja/mtype176.a(queuebuf.o)
                                        0x200 (size before relaxing)
 .eh_frame      0x0000000000029314      0x2b0 build/cooja/mtype176.a(packetbuf.o)
                                        0x2f0 (size before relaxing)
 .eh_frame      0x00000000000295c4       0x90 build/cooja/mtype176.a(netstack.o)
                                         0xd0 (size before relaxing)
 .eh_frame      0x0000000000029654       0x64 build/cooja/mtype176.a(linkaddr.o)
                                         0x90 (size before relaxing)
 .eh_frame      0x00000000000296b8       0xf0 build/cooja/mtype176.a(csma.o)
                                        0x130 (size before relaxing)
 .eh_frame      0x00000000000297a8      0x1f8 build/cooja/mtype176.a(csma-output.o)
                                        0x238 (size before relaxing)
 .eh_frame      0x00000000000299a0      0x364 build/cooja/mtype176.a(uip-ds6.o)
                                        0x3a4 (size before relaxing)
 .eh_frame      0x0000000000029d04       0x9c build/cooja/mtype176.a(uiplib.o)
                                         0xdc (size before relaxing)
 .eh_frame      0x0000000000029da0      0x260 build/cooja/mtype176.a(uip-ds6-route.o)
                                        0x2a0 (size before relaxing)
 .eh_frame      0x000000000002a000      0x270 build/cooja/mtype176.a(tcpip.o)
                                        0x2b0 (size before relaxing)
 .eh_frame      0x000000000002a270      0x20c build/cooja/mtype176.a(uip6.o)
                                        0x24c (size before relaxing)
 .eh_frame      0x000000000002a47c      0x1e8 build/cooja/mtype176.a(uip-ds6-nbr.o)
                                        0x228 (size before relaxing)
 .eh_frame      0x000000000002a664       0x8c build/cooja/mtype176.a(uip-nd6.o)
                                         0xe0 (size before relaxing)
 .eh_frame      0x000000000002a6f0       0xe8 build/cooja/mtype176.a(simple-udp.o)
                                        0x128 (size before relaxing)
 .eh_frame      0x000000000002a7d8      0x354 build/cooja/mtype176.a(sicslowpan.o)
                                        0x3a8 (size before relaxing)
 .eh_frame      0x000000000002ab2c      0x1fc build/cooja/mtype176.a(rpl.o)
                                        0x23c (size before relaxing)
 .eh_frame      0x000000000002ad28      0x204 build/cooja/mtype176.a(rpl-icmp6.o)
                                        0x244 (size before relaxing)
 .eh_frame      0x000000000002af2c       0xb0 build/cooja/mtype176.a(rpl-dag-root.o)
                                         0xf0 (size before relaxing)
 .eh_frame      0x000000000002afdc       0xa4 build/cooja/mtype176.a(watchdog.o)
                                         0xd0 (size before relaxing)
 .eh_frame      0x000000000002b080       0x80 build/cooja/mtype176.a(int-master.o)
                                         0xac (size before relaxing)
 .eh_frame      0x000000000002b100       0xd8 build/cooja/mtype176.a(stimer.o)
                                        0x104 (size before relaxing)
 .eh_frame      0x000000000002b1d8       0xa4 build/cooja/mtype176.a(memb.o)
                                         0xe4 (size before relaxing)
 .eh_frame      0x000000000002b27c       0x24 build/cooja/mtype176.a(assert.o)
                                         0x50 (size before relaxing)
 .eh_frame      0x000000000002b2a0       0xa0 build/cooja/mtype176.a(ringbuf.o)
                                         0xcc (size before relaxing)
 .eh_frame      0x000000000002b340      0x428 build/cooja/mtype176.a(nbr-table.o)
                                        0x468 (size before relaxing)
 .eh_frame      0x000000000002b768      0x140 build/cooja/mtype176.a(link-stats.o)
                                        0x180 (size before relaxing)
 .eh_frame      0x000000000002b8a8       0x50 build/cooja/mtype176.a(mac-sequence.o)
                                         0x7c (size before relaxing)
 .eh_frame      0x000000000002b8f8       0x20 build/cooja/mtype176.a(mac.o)
                                         0x4c (size before relaxing)
 .eh_frame      0x000000000002b918       0xb4 build/cooja/mtype176.a(framer-802154.o)
                                         0xf4 (size before relaxing)
 .eh_frame      0x000000000002b9cc      0x1b0 build/cooja/mtype176.a(frame802154.o)
                                        0x1f0 (size before relaxing)
 .eh_frame      0x000000000002bb7c       0x44 build/cooja/mtype176.a(csma-security.o)
                                         0x84 (size before relaxing)
 .eh_frame      0x000000000002bbc0      0x204 build/cooja/mtype176.a(uipbuf.o)
                                        0x230 (size before relaxing)
 .eh_frame      0x000000000002bdc4      0x170 build/cooja/mtype176.a(uip-icmp6.o)
                                        0x1b0 (size before relaxing)
 .eh_frame      0x000000000002bf34      0x1ac build/cooja/mtype176.a(uip-sr.o)
                                        0x1ec (size before relaxing)
 .eh_frame      0x000000000002c0e0       0xec build/cooja/mtype176.a(uip-packetqueue)
                                        0x12c (size before relaxing)
 .eh_frame      0x000000000002c1cc       0x44 build/cooja/mtype176.a(uip-udp-packet.)
                                         0x84 (size before relaxing)
 .eh_frame      0x000000000002c210      0x3c0 build/cooja/mtype176.a(rpl-dag.o)
                                        0x414 (size before relaxing)
 .eh_frame      0x000000000002c5d0      0x2f8 build/cooja/mtype176.a(rpl-neighbor.o)
                                        0x34c (size before relaxing)
 .eh_frame      0x000000000002c8c8      0x418 build/cooja/mtype176.a(rpl-timers.o)
                                        0x458 (size before relaxing)
 .eh_frame      0x000000000002cce0      0x160 build/cooja/mtype176.a(rpl-ext-header.)
                                        0x1a0 (size before relaxing)
 .eh_frame      0x000000000002ce40       0x48 build/cooja/mtype176.a(rpl-nbr-policy.)
                                         0x88 (size before relaxing)
 .eh_frame      0x000000000002ce88      0x154 build/cooja/mtype176.a(rpl-mrhof.o)
                                        0x194 (size before relaxing)
 .eh_frame      0x000000000002cfdc       0x1c /usr/lib/i386-linux-gnu/libc_nonshared.a(stack_chk_fail_local.oS)
                                         0x48 (size before relaxing)
 .eh_frame      0x000000000002cff8        0x4 /usr/lib/gcc/i686-linux-gnu/7/crtendS.o
 *(.eh_frame.*)

.gcc_except_table
 *(.gcc_except_table .gcc_except_table.*)

.gnu_extab
 *(.gnu_extab*)

.exception_ranges
 *(.exception_ranges .exception_ranges*)
                0x000000000002ec18                . = DATA_SEGMENT_ALIGN (CONSTANT (MAXPAGESIZE), CONSTANT (COMMONPAGESIZE))

.eh_frame
 *(.eh_frame)
 *(.eh_frame.*)

.gnu_extab
 *(.gnu_extab)

.gcc_except_table
 *(.gcc_except_table .gcc_except_table.*)

.exception_ranges
 *(.exception_ranges .exception_ranges*)

.tdata
 *(.tdata .tdata.* .gnu.linkonce.td.*)

.tbss
 *(.tbss .tbss.* .gnu.linkonce.tb.*)
 *(.tcommon)

.preinit_array
 *(.preinit_array)

.init_array     0x000000000002ec18        0x4
 *(SORT_BY_INIT_PRIORITY(.init_array.*) SORT_BY_INIT_PRIORITY(.ctors.*))
 *(.init_array EXCLUDE_FILE(*crtend?.o *crtend.o *crtbegin?.o *crtbegin.o) .ctors)
 .init_array    0x000000000002ec18        0x4 /usr/lib/gcc/i686-linux-gnu/7/crtbeginS.o

.fini_array     0x000000000002ec1c        0x4
 *(SORT_BY_INIT_PRIORITY(.fini_array.*) SORT_BY_INIT_PRIORITY(.dtors.*))
 *(.fini_array EXCLUDE_FILE(*crtend?.o *crtend.o *crtbegin?.o *crtbegin.o) .dtors)
 .fini_array    0x000000000002ec1c        0x4 /usr/lib/gcc/i686-linux-gnu/7/crtbeginS.o

.ctors
 *crtbegin.o(.ctors)
 *crtbegin?.o(.ctors)
 *(EXCLUDE_FILE(*crtend?.o *crtend.o) .ctors)
 *(SORT_BY_NAME(.ctors.*))
 *(.ctors)

.dtors
 *crtbegin.o(.dtors)
 *crtbegin?.o(.dtors)
 *(EXCLUDE_FILE(*crtend?.o *crtend.o) .dtors)
 *(SORT_BY_NAME(.dtors.*))
 *(.dtors)

.jcr
 *(.jcr)

.data.rel.ro    0x000000000002ec20      0x198
 *(.data.rel.ro.local* .gnu.linkonce.d.rel.ro.local.*)
 .data.rel.ro.local
                0x000000000002ec20        0x8 sensor-node.o
                0x000000000002ec20                autostart_processes
 .data.rel.ro.local
                0x000000000002ec28        0x8 build/cooja/mtype176.a(beep.o)
                0x000000000002ec28                beep_interface
 .data.rel.ro.local
                0x000000000002ec30        0x8 build/cooja/mtype176.a(leds-arch.o)
                0x000000000002ec30                leds_interface
 .data.rel.ro.local
                0x000000000002ec38        0x8 build/cooja/mtype176.a(moteid.o)
                0x000000000002ec38                moteid_interface
 .data.rel.ro.local
                0x000000000002ec40       0x18 build/cooja/mtype176.a(pir-sensor.o)
                0x000000000002ec40                pir_interface
                0x000000000002ec48                pir_sensor
 .data.rel.ro.local
                0x000000000002ec58        0x8 build/cooja/mtype176.a(rs232.o)
                0x000000000002ec58                rs232_interface
 .data.rel.ro.local
                0x000000000002ec60       0x18 build/cooja/mtype176.a(vib-sensor.o)
                0x000000000002ec60                vib_interface
                0x000000000002ec68                vib_sensor
 .data.rel.ro.local
                0x000000000002ec78        0x8 build/cooja/mtype176.a(clock.o)
                0x000000000002ec78                clock_interface
 .data.rel.ro.local
                0x000000000002ec80        0x8 build/cooja/mtype176.a(cooja-log.o)
                0x000000000002ec80                simlog_interface
 .data.rel.ro.local
                0x000000000002ec88        0x8 build/cooja/mtype176.a(cfs-cooja.o)
                0x000000000002ec88                cfs_interface
 *fill*         0x000000000002ec90       0x10 
 .data.rel.ro.local
                0x000000000002eca0       0x58 build/cooja/mtype176.a(cooja-radio.o)
                0x000000000002eca0                radio_interface
                0x000000000002ecc0                cooja_radio_driver
 .data.rel.ro.local
                0x000000000002ecf8        0x8 build/cooja/mtype176.a(eeprom.o)
                0x000000000002ecf8                eeprom_interface
 .data.rel.ro.local
                0x000000000002ed00       0x18 build/cooja/mtype176.a(buttons.o)
                0x000000000002ed00                button_interface
                0x000000000002ed08                button_sensor
 .data.rel.ro.local
                0x000000000002ed18       0x1c build/cooja/mtype176.a(csma.o)
                0x000000000002ed18                csma_driver
 .data.rel.ro.local
                0x000000000002ed34       0x10 build/cooja/mtype176.a(sicslowpan.o)
                0x000000000002ed34                sicslowpan_driver
 .data.rel.ro.local
                0x000000000002ed44        0xc build/cooja/mtype176.a(framer-802154.o)
                0x000000000002ed44                framer_802154
 *(.data.rel.ro .data.rel.ro.* .gnu.linkonce.d.rel.ro.*)
 .data.rel.ro   0x000000000002ed50        0x0 /usr/lib/gcc/i686-linux-gnu/7/../../../i386-linux-gnu/crti.o
 *fill*         0x000000000002ed50       0x10 
 .data.rel.ro   0x000000000002ed60       0x54 build/cooja/mtype176.a(rpl.o)
                0x000000000002ed60                rpl_lite_driver
 .data.rel.ro   0x000000000002edb4        0x4 build/cooja/mtype176.a(rpl-dag.o)

.dynamic        0x000000000002edb8       0xf0
 *(.dynamic)
 .dynamic       0x000000000002edb8       0xf0 /usr/lib/gcc/i686-linux-gnu/7/../../../i386-linux-gnu/crti.o
                0x000000000002edb8                _DYNAMIC

.got            0x000000000002eea8      0x14c
 *(.got)
 .got           0x000000000002eea8      0x14c /usr/lib/gcc/i686-linux-gnu/7/../../../i386-linux-gnu/crti.o
 *(.igot)
                0x000000000002eff4                . = DATA_SEGMENT_RELRO_END (., (SIZEOF (.got.plt) >= 0xc)?0xc:0x0)

.got.plt        0x000000000002f000      0x4bc
 *(.got.plt)
 .got.plt       0x000000000002f000      0x4bc /usr/lib/gcc/i686-linux-gnu/7/../../../i386-linux-gnu/crti.o
                0x000000000002f000                _GLOBAL_OFFSET_TABLE_
 *(.igot.plt)

.data           0x000000000002f4c0      0x384
 *(.data .data.* .gnu.linkonce.d.*)
 .data          0x000000000002f4c0        0x0 /usr/lib/gcc/i686-linux-gnu/7/../../../i386-linux-gnu/crti.o
 .data          0x000000000002f4c0        0x0 /usr/lib/gcc/i686-linux-gnu/7/crtbeginS.o
 .data.rel.local
                0x000000000002f4c0        0x4 /usr/lib/gcc/i686-linux-gnu/7/crtbeginS.o
                0x000000000002f4c0                __dso_handle
 .data          0x000000000002f4c4        0x0 sensor-node.o
 .data.rel.local
                0x000000000002f4c4       0x10 sensor-node.o
                0x000000000002f4c4                sensor_node
 .data          0x000000000002f4d4        0x0 build/cooja/mtype176.o
 *fill*         0x000000000002f4d4        0xc 
 .data.rel      0x000000000002f4e0       0x44 build/cooja/mtype176.o
                0x000000000002f4e0                simInterfaces
                0x000000000002f514                sensors
 .data          0x000000000002f524        0x0 build/cooja/mtype176.a(simEnvChange.o)
 .data          0x000000000002f524        0x0 build/cooja/mtype176.a(cooja_mt.o)
 .data          0x000000000002f524        0x0 build/cooja/mtype176.a(cooja_mtarch.o)
 .data          0x000000000002f524        0x0 build/cooja/mtype176.a(rtimer-arch.o)
 .data          0x000000000002f524        0x0 build/cooja/mtype176.a(beep.o)
 .data          0x000000000002f524        0x0 build/cooja/mtype176.a(leds-arch.o)
 .data          0x000000000002f524        0x0 build/cooja/mtype176.a(moteid.o)
 .data          0x000000000002f524        0x0 build/cooja/mtype176.a(pir-sensor.o)
 .data          0x000000000002f524        0x0 build/cooja/mtype176.a(rs232.o)
 .data          0x000000000002f524        0x0 build/cooja/mtype176.a(vib-sensor.o)
 .data          0x000000000002f524        0x0 build/cooja/mtype176.a(clock.o)
 .data          0x000000000002f524        0x0 build/cooja/mtype176.a(cooja-log.o)
 .data          0x000000000002f524        0x0 build/cooja/mtype176.a(cfs-cooja.o)
 .data          0x000000000002f524       0x1c build/cooja/mtype176.a(cooja-radio.o)
                0x000000000002f524                simRadioHWOn
                0x000000000002f528                simSignalStrength
                0x000000000002f52c                simLastSignalStrength
                0x000000000002f530                simPower
                0x000000000002f534                simRadioChannel
                0x000000000002f538                simLQI
 .data.rel.local
                0x000000000002f540       0x10 build/cooja/mtype176.a(cooja-radio.o)
                0x000000000002f540                cooja_radio_process
 .data          0x000000000002f550        0x0 build/cooja/mtype176.a(eeprom.o)
 .data          0x000000000002f550        0x0 build/cooja/mtype176.a(random.o)
 .data          0x000000000002f550        0x0 build/cooja/mtype176.a(sensors.o)
 .data.rel.local
                0x000000000002f550       0x10 build/cooja/mtype176.a(sensors.o)
                0x000000000002f550                sensors_process
 .data          0x000000000002f560        0x0 build/cooja/mtype176.a(leds.o)
 .data          0x000000000002f560        0x0 build/cooja/mtype176.a(gpio-hal-arch.o)
 .data          0x000000000002f560        0x1 build/cooja/mtype176.a(buttons.o)
                0x000000000002f560                simButtonIsActive
 *fill*         0x000000000002f561       0x1f 
 .data.rel.local
                0x000000000002f580       0x58 build/cooja/mtype176.a(buttons.o)
                0x000000000002f5d0                button_hal_buttons
 .data          0x000000000002f5d8        0x0 build/cooja/mtype176.a(contiki-main.o)
 .data          0x000000000002f5d8        0x0 build/cooja/mtype176.a(autostart.o)
 .data          0x000000000002f5d8        0x0 build/cooja/mtype176.a(ctimer.o)
 .data.rel.local
                0x000000000002f5d8       0x14 build/cooja/mtype176.a(ctimer.o)
                0x000000000002f5dc                ctimer_process
 .data          0x000000000002f5ec        0x8 build/cooja/mtype176.a(log.o)
                0x000000000002f5ec                curr_log_level_rpl
                0x000000000002f5f0                curr_log_level_main
 *fill*         0x000000000002f5f4        0xc 
 .data.rel.local
                0x000000000002f600       0x9c build/cooja/mtype176.a(log.o)
                0x000000000002f600                all_modules
 .data          0x000000000002f69c        0x0 build/cooja/mtype176.a(energest.o)
 .data          0x000000000002f69c        0x0 build/cooja/mtype176.a(etimer.o)
 .data.rel.local
                0x000000000002f69c       0x10 build/cooja/mtype176.a(etimer.o)
                0x000000000002f69c                etimer_process
 .data          0x000000000002f6ac        0x0 build/cooja/mtype176.a(node-id.o)
 .data          0x000000000002f6ac        0x0 build/cooja/mtype176.a(rtimer.o)
 .data          0x000000000002f6ac        0x0 build/cooja/mtype176.a(process.o)
 .data          0x000000000002f6ac        0x0 build/cooja/mtype176.a(timer.o)
 .data          0x000000000002f6ac        0x0 build/cooja/mtype176.a(list.o)
 .data          0x000000000002f6ac        0x0 build/cooja/mtype176.a(button-hal.o)
 .data.rel.local
                0x000000000002f6ac       0x10 build/cooja/mtype176.a(button-hal.o)
                0x000000000002f6ac                button_hal_process
 .data          0x000000000002f6bc        0x0 build/cooja/mtype176.a(serial-line.o)
 .data.rel.local
                0x000000000002f6bc       0x10 build/cooja/mtype176.a(serial-line.o)
                0x000000000002f6bc                serial_line_process
 .data          0x000000000002f6cc        0x0 build/cooja/mtype176.a(gpio-hal.o)
 .data.rel.local
                0x000000000002f6cc        0x4 build/cooja/mtype176.a(gpio-hal.o)
 .data          0x000000000002f6d0        0x0 build/cooja/mtype176.a(queuebuf.o)
 .data.rel.local
                0x000000000002f6d0       0x18 build/cooja/mtype176.a(queuebuf.o)
 .data          0x000000000002f6e8        0x0 build/cooja/mtype176.a(packetbuf.o)
 .data.rel.local
                0x000000000002f6e8        0x4 build/cooja/mtype176.a(packetbuf.o)
 .data          0x000000000002f6ec        0x0 build/cooja/mtype176.a(netstack.o)
 .data.rel.local
                0x000000000002f6ec        0x4 build/cooja/mtype176.a(netstack.o)
 .data          0x000000000002f6f0        0x0 build/cooja/mtype176.a(linkaddr.o)
 .data          0x000000000002f6f0        0x0 build/cooja/mtype176.a(csma.o)
 .data          0x000000000002f6f0        0x0 build/cooja/mtype176.a(csma-output.o)
 .data.rel.local
                0x000000000002f6f0       0x28 build/cooja/mtype176.a(csma-output.o)
 .data          0x000000000002f718        0x0 build/cooja/mtype176.a(uip-ds6.o)
 .data          0x000000000002f718        0x0 build/cooja/mtype176.a(uiplib.o)
 .data          0x000000000002f718        0x0 build/cooja/mtype176.a(uip-ds6-route.o)
 .data.rel.local
                0x000000000002f718       0x10 build/cooja/mtype176.a(uip-ds6-route.o)
 .data          0x000000000002f728        0x0 build/cooja/mtype176.a(tcpip.o)
 .data.rel.local
                0x000000000002f728       0x10 build/cooja/mtype176.a(tcpip.o)
                0x000000000002f728                tcpip_process
 .data          0x000000000002f738        0x0 build/cooja/mtype176.a(uip6.o)
 .data          0x000000000002f738        0x0 build/cooja/mtype176.a(uip-ds6-nbr.o)
 .data.rel.local
                0x000000000002f738       0x14 build/cooja/mtype176.a(uip-ds6-nbr.o)
 .data          0x000000000002f74c        0x0 build/cooja/mtype176.a(uip-nd6.o)
 .data.rel.local
                0x000000000002f74c        0xc build/cooja/mtype176.a(uip-nd6.o)
 .data          0x000000000002f758        0x0 build/cooja/mtype176.a(simple-udp.o)
 .data.rel.local
                0x000000000002f758       0x10 build/cooja/mtype176.a(simple-udp.o)
                0x000000000002f758                simple_udp_process
 .data          0x000000000002f768        0x0 build/cooja/mtype176.a(sicslowpan.o)
 .data          0x000000000002f768        0x0 build/cooja/mtype176.a(rpl.o)
 .data          0x000000000002f768        0x0 build/cooja/mtype176.a(rpl-icmp6.o)
 .data.rel.local
                0x000000000002f768       0x30 build/cooja/mtype176.a(rpl-icmp6.o)
 .data          0x000000000002f798        0x0 build/cooja/mtype176.a(rpl-dag-root.o)
 .data          0x000000000002f798        0x0 build/cooja/mtype176.a(watchdog.o)
 .data          0x000000000002f798        0x0 build/cooja/mtype176.a(int-master.o)
 .data          0x000000000002f798        0x0 build/cooja/mtype176.a(stimer.o)
 .data          0x000000000002f798        0x0 build/cooja/mtype176.a(memb.o)
 .data          0x000000000002f798        0x0 build/cooja/mtype176.a(assert.o)
 .data          0x000000000002f798        0x0 build/cooja/mtype176.a(ringbuf.o)
 .data          0x000000000002f798        0x0 build/cooja/mtype176.a(nbr-table.o)
 .data.rel.local
                0x000000000002f798       0x10 build/cooja/mtype176.a(nbr-table.o)
 .data          0x000000000002f7a8        0x0 build/cooja/mtype176.a(link-stats.o)
 .data.rel.local
                0x000000000002f7a8       0x14 build/cooja/mtype176.a(link-stats.o)
 .data          0x000000000002f7bc        0x0 build/cooja/mtype176.a(mac-sequence.o)
 .data          0x000000000002f7bc        0x0 build/cooja/mtype176.a(mac.o)
 .data          0x000000000002f7bc        0x0 build/cooja/mtype176.a(framer-802154.o)
 .data          0x000000000002f7bc        0x2 build/cooja/mtype176.a(frame802154.o)
 .data          0x000000000002f7be        0x0 build/cooja/mtype176.a(csma-security.o)
 .data          0x000000000002f7be        0x0 build/cooja/mtype176.a(uipbuf.o)
 .data          0x000000000002f7be        0x0 build/cooja/mtype176.a(uip-icmp6.o)
 *fill*         0x000000000002f7be        0x2 
 .data.rel.local
                0x000000000002f7c0       0x20 build/cooja/mtype176.a(uip-icmp6.o)
 .data          0x000000000002f7e0        0x0 build/cooja/mtype176.a(uip-sr.o)
 .data.rel.local
                0x000000000002f7e0       0x10 build/cooja/mtype176.a(uip-sr.o)
 .data          0x000000000002f7f0        0x0 build/cooja/mtype176.a(uip-packetqueue)
 .data.rel.local
                0x000000000002f7f0        0xc build/cooja/mtype176.a(uip-packetqueue)
 .data          0x000000000002f7fc        0x0 build/cooja/mtype176.a(uip-udp-packet.)
 .data          0x000000000002f7fc        0x0 build/cooja/mtype176.a(rpl-dag.o)
 .data          0x000000000002f7fc        0x0 build/cooja/mtype176.a(rpl-neighbor.o)
 .data.rel.local
                0x000000000002f7fc       0x14 build/cooja/mtype176.a(rpl-neighbor.o)
                0x000000000002f80c                rpl_neighbors
 .data          0x000000000002f810        0x0 build/cooja/mtype176.a(rpl-timers.o)
 .data          0x000000000002f810        0x0 build/cooja/mtype176.a(rpl-ext-header.)
 .data          0x000000000002f810        0x0 build/cooja/mtype176.a(rpl-nbr-policy.)
 .data          0x000000000002f810        0x0 build/cooja/mtype176.a(rpl-mrhof.o)
 *fill*         0x000000000002f810       0x10 
 .data.rel.local
                0x000000000002f820       0x24 build/cooja/mtype176.a(rpl-mrhof.o)
                0x000000000002f820                rpl_mrhof
 .data          0x000000000002f844        0x0 /usr/lib/i386-linux-gnu/libc_nonshared.a(stack_chk_fail_local.oS)
 .data          0x000000000002f844        0x0 /usr/lib/gcc/i686-linux-gnu/7/crtendS.o
 .data          0x000000000002f844        0x0 /usr/lib/gcc/i686-linux-gnu/7/../../../i386-linux-gnu/crtn.o

.tm_clone_table
                0x000000000002f844        0x0
 .tm_clone_table
                0x000000000002f844        0x0 /usr/lib/gcc/i686-linux-gnu/7/crtbeginS.o
 .tm_clone_table
                0x000000000002f844        0x0 /usr/lib/gcc/i686-linux-gnu/7/crtendS.o

.data1
 *(.data1)
                0x000000000002f844                _edata = .
                [!provide]                        PROVIDE (edata = .)
                0x000000000002f844                . = .
                0x000000000002f844                __bss_start = .

.bss            0x000000000002f860    0x13d04
 *(.dynbss)
 .dynbss        0x000000000002f860        0x0 /usr/lib/gcc/i686-linux-gnu/7/../../../i386-linux-gnu/crti.o
 *(.bss .bss.* .gnu.linkonce.b.*)
 .bss           0x000000000002f860        0x0 /usr/lib/gcc/i686-linux-gnu/7/../../../i386-linux-gnu/crti.o
 .bss           0x000000000002f860        0x1 /usr/lib/gcc/i686-linux-gnu/7/crtbeginS.o
 *fill*         0x000000000002f861       0x1f 
 .bss           0x000000000002f880       0x60 sensor-node.o
 .bss           0x000000000002f8e0     0x2040 build/cooja/mtype176.o
 .bss           0x0000000000031920        0x1 build/cooja/mtype176.a(simEnvChange.o)
                0x0000000000031920                simDontFallAsleep
 *fill*         0x0000000000031921        0x3 
 .bss           0x0000000000031924        0x4 build/cooja/mtype176.a(cooja_mt.o)
 .bss           0x0000000000031928        0x4 build/cooja/mtype176.a(cooja_mtarch.o)
 .bss           0x000000000003192c        0x0 build/cooja/mtype176.a(rtimer-arch.o)
 .bss           0x000000000003192c        0x0 build/cooja/mtype176.a(beep.o)
 .bss           0x000000000003192c        0x1 build/cooja/mtype176.a(leds-arch.o)
                0x000000000003192c                simLedsValue
 .bss           0x000000000003192d        0x0 build/cooja/mtype176.a(moteid.o)
 .bss           0x000000000003192d        0x1 build/cooja/mtype176.a(pir-sensor.o)
                0x000000000003192d                simPirValue
 *fill*         0x000000000003192e        0x2 
 .bss           0x0000000000031930        0x4 build/cooja/mtype176.a(rs232.o)
 .bss           0x0000000000031934        0x1 build/cooja/mtype176.a(vib-sensor.o)
                0x0000000000031934                simVibValue
 .bss           0x0000000000031935        0x0 build/cooja/mtype176.a(clock.o)
 *fill*         0x0000000000031935        0xb 
 .bss           0x0000000000031940     0x2020 build/cooja/mtype176.a(cooja-log.o)
 .bss           0x0000000000033960      0xfc0 build/cooja/mtype176.a(cfs-cooja.o)
                0x0000000000033960                simCFSData
                0x0000000000034900                simCFSSize
                0x0000000000034904                simCFSChanged
                0x0000000000034908                simCFSRead
                0x000000000003490c                simCFSWritten
 .bss           0x0000000000034920       0x24 build/cooja/mtype176.a(cooja-radio.o)
                0x0000000000034920                simReceiving
                0x0000000000034924                simInSize
                0x0000000000034928                simLastPacketTimestamp
                0x0000000000034930                simOutSize
 .bss           0x0000000000034944        0xc build/cooja/mtype176.a(eeprom.o)
                0x0000000000034944                simEEPROMChanged
                0x0000000000034948                simEEPROMRead
                0x000000000003494c                simEEPROMWritten
 .bss           0x0000000000034950        0x0 build/cooja/mtype176.a(random.o)
 .bss           0x0000000000034950        0xc build/cooja/mtype176.a(sensors.o)
 .bss           0x000000000003495c        0x0 build/cooja/mtype176.a(leds.o)
 .bss           0x000000000003495c       0x24 build/cooja/mtype176.a(gpio-hal-arch.o)
 .bss           0x0000000000034980        0x0 build/cooja/mtype176.a(buttons.o)
 .bss           0x0000000000034980        0x0 build/cooja/mtype176.a(contiki-main.o)
 .bss           0x0000000000034980        0x0 build/cooja/mtype176.a(autostart.o)
 .bss           0x0000000000034980        0x5 build/cooja/mtype176.a(ctimer.o)
 *fill*         0x0000000000034985        0x3 
 .bss           0x0000000000034988       0x28 build/cooja/mtype176.a(log.o)
                0x0000000000034988                curr_log_level_tcpip
                0x000000000003498c                curr_log_level_ipv6
                0x0000000000034990                curr_log_level_6lowpan
                0x0000000000034994                curr_log_level_nullnet
                0x0000000000034998                curr_log_level_mac
                0x000000000003499c                curr_log_level_framer
                0x00000000000349a0                curr_log_level_6top
                0x00000000000349a4                curr_log_level_coap
                0x00000000000349a8                curr_log_level_snmp
                0x00000000000349ac                curr_log_level_lwm2m
 .bss           0x00000000000349b0        0x0 build/cooja/mtype176.a(energest.o)
 .bss           0x00000000000349b0        0x8 build/cooja/mtype176.a(etimer.o)
 .bss           0x00000000000349b8        0x2 build/cooja/mtype176.a(node-id.o)
                0x00000000000349b8                node_id
 *fill*         0x00000000000349ba        0x2 
 .bss           0x00000000000349bc        0x4 build/cooja/mtype176.a(rtimer.o)
 .bss           0x00000000000349c0      0x1a1 build/cooja/mtype176.a(process.o)
                0x00000000000349c0                process_list
                0x00000000000349c4                process_current
 .bss           0x0000000000034b61        0x0 build/cooja/mtype176.a(timer.o)
 .bss           0x0000000000034b61        0x0 build/cooja/mtype176.a(list.o)
 *fill*         0x0000000000034b61        0x3 
 .bss           0x0000000000034b64       0x10 build/cooja/mtype176.a(button-hal.o)
 *fill*         0x0000000000034b74        0xc 
 .bss           0x0000000000034b80      0x140 build/cooja/mtype176.a(serial-line.o)
 .bss           0x0000000000034cc0        0x4 build/cooja/mtype176.a(gpio-hal.o)
 *fill*         0x0000000000034cc4       0x1c 
 .bss           0x0000000000034ce0     0x2c80 build/cooja/mtype176.a(queuebuf.o)
 .bss           0x0000000000037960       0xa0 build/cooja/mtype176.a(packetbuf.o)
 .bss           0x0000000000037a00        0x4 build/cooja/mtype176.a(netstack.o)
 .bss           0x0000000000037a04        0x0 build/cooja/mtype176.a(linkaddr.o)
 .bss           0x0000000000037a04        0x0 build/cooja/mtype176.a(csma.o)
 *fill*         0x0000000000037a04       0x1c 
 .bss           0x0000000000037a20      0x726 build/cooja/mtype176.a(csma-output.o)
 *fill*         0x0000000000038146        0x2 
 .bss           0x0000000000038148       0x30 build/cooja/mtype176.a(uip-ds6.o)
 .bss           0x0000000000038178        0x0 build/cooja/mtype176.a(uiplib.o)
 *fill*         0x0000000000038178        0x8 
 .bss           0x0000000000038180       0x60 build/cooja/mtype176.a(uip-ds6-route.o)
 .bss           0x00000000000381e0       0x10 build/cooja/mtype176.a(tcpip.o)
 .bss           0x00000000000381f0        0x8 build/cooja/mtype176.a(uip6.o)
                0x00000000000381f0                uip_ext_bitmap
                0x00000000000381f2                uip_ext_len
                0x00000000000381f4                uip_last_proto
 *fill*         0x00000000000381f8        0x8 
 .bss           0x0000000000038200     0x1c20 build/cooja/mtype176.a(uip-ds6-nbr.o)
 .bss           0x0000000000039e20       0x10 build/cooja/mtype176.a(uip-nd6.o)
 *fill*         0x0000000000039e30       0x10 
 .bss           0x0000000000039e40      0x520 build/cooja/mtype176.a(simple-udp.o)
 .bss           0x000000000003a360      0x724 build/cooja/mtype176.a(sicslowpan.o)
 .bss           0x000000000003aa84        0x1 build/cooja/mtype176.a(rpl.o)
 .bss           0x000000000003aa85        0x0 build/cooja/mtype176.a(rpl-icmp6.o)
 *fill*         0x000000000003aa85        0x3 
 .bss           0x000000000003aa88       0x11 build/cooja/mtype176.a(rpl-dag-root.o)
 .bss           0x000000000003aa99        0x0 build/cooja/mtype176.a(watchdog.o)
 *fill*         0x000000000003aa99        0x3 
 .bss           0x000000000003aa9c        0x4 build/cooja/mtype176.a(int-master.o)
 .bss           0x000000000003aaa0        0x0 build/cooja/mtype176.a(stimer.o)
 .bss           0x000000000003aaa0        0x0 build/cooja/mtype176.a(memb.o)
 .bss           0x000000000003aaa0        0x0 build/cooja/mtype176.a(assert.o)
 .bss           0x000000000003aaa0        0x0 build/cooja/mtype176.a(ringbuf.o)
 .bss           0x000000000003aaa0     0x1214 build/cooja/mtype176.a(nbr-table.o)
 *fill*         0x000000000003bcb4        0xc 
 .bss           0x000000000003bcc0      0xe10 build/cooja/mtype176.a(link-stats.o)
 *fill*         0x000000000003cad0       0x10 
 .bss           0x000000000003cae0      0x100 build/cooja/mtype176.a(mac-sequence.o)
 .bss           0x000000000003cbe0        0x0 build/cooja/mtype176.a(mac.o)
 .bss           0x000000000003cbe0        0x2 build/cooja/mtype176.a(framer-802154.o)
 .bss           0x000000000003cbe2        0x0 build/cooja/mtype176.a(frame802154.o)
 .bss           0x000000000003cbe2        0x0 build/cooja/mtype176.a(csma-security.o)
 *fill*         0x000000000003cbe2        0x2 
 .bss           0x000000000003cbe4       0x20 build/cooja/mtype176.a(uipbuf.o)
 .bss           0x000000000003cc04       0x18 build/cooja/mtype176.a(uip-icmp6.o)
 *fill*         0x000000000003cc1c        0x4 
 .bss           0x000000000003cc20     0x1d80 build/cooja/mtype176.a(uip-sr.o)
 .bss           0x000000000003e9a0      0xa78 build/cooja/mtype176.a(uip-packetqueue)
 .bss           0x000000000003f418        0x0 build/cooja/mtype176.a(uip-udp-packet.)
 .bss           0x000000000003f418        0x0 build/cooja/mtype176.a(rpl-dag.o)
 *fill*         0x000000000003f418        0x8 
 .bss           0x000000000003f420      0x960 build/cooja/mtype176.a(rpl-neighbor.o)
 .bss           0x000000000003fd80       0x40 build/cooja/mtype176.a(rpl-timers.o)
 .bss           0x000000000003fdc0        0x0 build/cooja/mtype176.a(rpl-ext-header.)
 .bss           0x000000000003fdc0        0x0 build/cooja/mtype176.a(rpl-nbr-policy.)
 .bss           0x000000000003fdc0        0x0 build/cooja/mtype176.a(rpl-mrhof.o)
 .bss           0x000000000003fdc0        0x0 /usr/lib/i386-linux-gnu/libc_nonshared.a(stack_chk_fail_local.oS)
 .bss           0x000000000003fdc0        0x0 /usr/lib/gcc/i686-linux-gnu/7/crtendS.o
 .bss           0x000000000003fdc0        0x0 /usr/lib/gcc/i686-linux-gnu/7/../../../i386-linux-gnu/crtn.o
 *(COMMON)
 COMMON         0x000000000003fdc0        0x8 build/cooja/mtype176.o
                0x000000000003fdc0                referenceVar
                0x000000000003fdc4                sensors_flags
 COMMON         0x000000000003fdc8        0xc build/cooja/mtype176.a(simEnvChange.o)
                0x000000000003fdc8                simEtimerPending
                0x000000000003fdcc                simProcessRunValue
                0x000000000003fdd0                simEtimerNextExpirationTime
 *fill*         0x000000000003fdd4        0x4 
 COMMON         0x000000000003fdd8       0x18 build/cooja/mtype176.a(rtimer-arch.o)
                0x000000000003fdd8                simRtimerPending
                0x000000000003fde0                simRtimerCurrentTicks
                0x000000000003fde8                simRtimerNextExpirationTime
 COMMON         0x000000000003fdf0        0x1 build/cooja/mtype176.a(beep.o)
                0x000000000003fdf0                simBeeped
 *fill*         0x000000000003fdf1        0x3 
 COMMON         0x000000000003fdf4        0xc build/cooja/mtype176.a(moteid.o)
                0x000000000003fdf4                simRandomSeed
                0x000000000003fdf8                simMoteIDChanged
                0x000000000003fdfc                simMoteID
 COMMON         0x000000000003fe00        0x2 build/cooja/mtype176.a(pir-sensor.o)
                0x000000000003fe00                simPirIsActive
                0x000000000003fe01                simPirChanged
 *fill*         0x000000000003fe02       0x1e 
 COMMON         0x000000000003fe20      0x820 build/cooja/mtype176.a(rs232.o)
                0x000000000003fe20                simSerialReceivingFlag
                0x000000000003fe24                simSerialReceivingLength
                0x000000000003fe40                simSerialReceivingData
 COMMON         0x0000000000040640        0x2 build/cooja/mtype176.a(vib-sensor.o)
                0x0000000000040640                simVibChanged
                0x0000000000040641                simVibIsActive
 *fill*         0x0000000000040642        0x2 
 COMMON         0x0000000000040644        0x4 build/cooja/mtype176.a(clock.o)
                0x0000000000040644                simCurrentTime
 *fill*         0x0000000000040648       0x18 
 COMMON         0x0000000000040660     0x2020 build/cooja/mtype176.a(cooja-log.o)
                0x0000000000040660                simLoggedLength